Resource Usage Report for M2S_MSS 

Mapping to part: m2s090tsfbga484-1
Cell usage:
CCC             1 use
CLKINT          6 uses
MSS_075         1 use
RCOSC_25_50MHZ  1 use
RCOSC_25_50MHZ_FAB  1 use
SERDESIF_075    1 use
SYSRESET        1 use
CFG1           6 uses
CFG2           36 uses
CFG3           27 uses
CFG4           47 uses

Carry primitives used for arithmetic functions:
ARI1           27 uses


Sequential Cells: 
SLE            185 uses

DSP Blocks:    0

I/O ports: 96
I/O primitives: 76
BIBUF          17 uses
BIBUF_DIFF     1 use
INBUF          16 uses
INBUF_DIFF     1 use
OUTBUF         36 uses
OUTBUF_DIFF    1 use
TRIBUFF        4 uses


Global Clock Buffers: 6


Total LUTs:    143

Extra resources required for RAM and MACC interface logic during P&R:

RAM64x18 Interface Logic : SLEs = 0; LUTs = 0;
RAM1K18  Interface Logic : SLEs = 0; LUTs = 0;
MACC     Interface Logic : SLEs = 0; LUTs = 0;

Total number of SLEs after P&R:  185 + 0 + 0 + 0 = 185;
Total number of LUTs after P&R:  143 + 0 + 0 + 0 = 143;

