*****************************************************************
Pin Report - Date: Tue Feb 07 17:42:08 2017 Pinchecksum: NOT-AVAILABLE
Product: Designer
Release: v11.7 SP2
Version: 11.7.2.2
Design Name: Top
Family: SmartFusion2
Die: M2S090
Package: 484 FBGA
*****************************************************************

Number |Port     |Function                                                        |State      |I/O Std  |Direction |I/O state in Flash*Freeze mode |Resistor Pull |I/O available in Flash*Freeze mode |Schmitt Trigger |Odt_Static |Odt Imp (Ohm) |Low Power Exit |Input Delay |Slew |Pre-Emphasis |Output Drive (mA) |Output Load (pF) |
-------|---------|----------------------------------------------------------------|-----------|---------|----------|-------------------------------|--------------|-----------------------------------|----------------|-----------|--------------|---------------|------------|-----|-------------|------------------|-----------------|
A1                VSS                                                              Reserved    
A2                MSIO136NB8                                                       Unassigned  
A3                DDRIO99NB1                                                       Unassigned  
A4                DDRIO99PB1                                                       Unassigned  
A5                DDRIO98NB1                                                       Unassigned  
A6                DDRIO92NB1/GB4/CCC_NW1_CLKI2                                     Special     
A7                DDRIO89PB1/MDDR_DQ_ECC1                                          Unassigned  
A8                DDRIO89NB1/MDDR_DQ_ECC0                                          Unassigned  
A9                DDRIO87NB1/MDDR_DQ1                                              Unassigned  
A10               DDRIO84PB1/MDDR_DM_RDQS0                                         Unassigned  
A11               DDRIO84NB1/MDDR_DQ4                                              Unassigned  
A12               DDRIO81PB1/MDDR_DQ8                                              Unassigned  
A13               DDRIO81NB1/MDDR_DQ9                                              Unassigned  
A14               DDRIO77PB1/GB12/CCC_NE1_CLKI2/MDDR_DQ12                          Special     
A15               DDRIO77NB1/MDDR_DQ13                                             Unassigned  
A16               DDRIO72PB1/MDDR_CLK                                              Unassigned  
A17               DDRIO72NB1/MDDR_CLK_N                                            Unassigned  
A18               DDRIO71PB1/MDDR_BA0                                              Unassigned  
A19               DDRIO71NB1/MDDR_BA1                                              Unassigned  
A20               DDRIO67NB1/MDDR_ADDR6                                            Unassigned  
A21               DDRIO64PB1/MDDR_ADDR10                                           Unassigned  
A22               VSS                                                              Reserved    
AA1               VSS                                                              Reserved    
AA2               DNC                                                              Reserved    
AA3               VSS                                                              Reserved    
AA4               DNC                                                              Reserved    
AA5               VSS                                                              Reserved    
AA6               DNC                                                              Reserved    
AA7               VSS                                                              Reserved    
AA8               DNC                                                              Reserved    
AA9               VSS                                                              Reserved    
AA10              MSIO198PB5                                                       Unassigned  
AA11              MSIO203PB5                                                       Unassigned  
AA12              MSIO204PB5                                                       Unassigned  
AA13              MSIO209PB5/VCCC_SE0_CLKI                                         Special     
AA14              VSS                                                              Reserved    
AA15              MSIO213NB5                                                       Unassigned  
AA16              MSIO222PB5                                                       Unassigned  
AA17              MSIO222NB5                                                       Unassigned  
AA18              MSIO221NB5                                                       Unassigned  
AA19              VDDI5                                                            Reserved    
AA20              XTLOSC_AUX_EXTAL                                                 Reserved    
AA21              XTLOSC_MAIN_EXTAL                                                Reserved    
AA22              JTAGSEL                                                          Reserved    
AB1               VSS                                                              Reserved    
AB2               DNC                                                              Reserved    
AB3               VSS                                                              Reserved    
AB4               DNC                                                              Reserved    
AB5               VSS                                                              Reserved    
AB6               DNC                                                              Reserved    
AB7               VSS                                                              Reserved    
AB8               DNC                                                              Reserved    
AB9               VSS                                                              Reserved    
AB10              MSIO198NB5                                                       Unassigned  
AB11              MSIO203NB5                                                       Unassigned  
AB12              VDDI5                                                            Reserved    
AB13              MSIO208PB5/CCC_SW1_CLKI3                                         Special     
AB14              MSIO208NB5                                                       Unassigned  
AB15              MSIO213PB5/VCCC_SE1_CLKI                                         Special     
AB16              VSS                                                              Reserved    
AB17              MSIO221PB5                                                       Unassigned  
AB18              MSIO230PB5                                                       Unassigned  
AB19              MSIO230NB5                                                       Unassigned  
AB20              XTLOSC_AUX_XTAL                                                  Reserved    
AB21              XTLOSC_MAIN_XTAL                                                 Reserved    
AB22              VSS                                                              Reserved    
B1                MSIO140NB8                                                       Unassigned  
B2                MSIO136PB8                                                       Unassigned  
B3                MSIO129NB8                                                       Unassigned  
B4                VSS                                                              Reserved    
B5                DDRIO98PB1                                                       Unassigned  
B6                DDRIO92PB1/GB0/CCC_NW0_CLKI3                                     Special     
B7                DDRIO91NB1/MDDR_DQS_ECC_N                                        Unassigned  
B8                VDDI1                                                            Reserved    
B9                DDRIO87PB1/MDDR_DQ0                                              Unassigned  
B10               VSS                                                              Reserved    
B11               DDRIO85PB1/MDDR_DQS0                                             Unassigned  
B12               VDDI1                                                            Reserved    
B13               DDRIO79PB1/GB8/CCC_NE0_CLKI3/MDDR_DQS1                           Special     
B14               VSS                                                              Reserved    
B15               DDRIO74PB1/MDDR_CKE                                              Unassigned  
B16               VDDI1                                                            Reserved    
B17               DDRIO70NB1/MDDR_ADDR0                                            Unassigned  
B18               VSS                                                              Reserved    
B19               DDRIO67PB1/MDDR_ADDR5                                            Unassigned  
B20               VDDI1                                                            Reserved    
B21               DDRIO64NB1/MDDR_ADDR11                                           Unassigned  
B22               MSIO60NB2/MMUART_0_CLK/GPIO_29_B/USB_NXT_C                       Unassigned  
C1                MSIO140PB8                                                       Unassigned  
C2                VDDI8                                                            Reserved    
C3                MSIO129PB8                                                       Unassigned  
C4                MSIO127PB8                                                       Unassigned  
C5                DDRIO97PB1                                                       Unassigned  
C6                VDDI1                                                            Reserved    
C7                DDRIO91PB1/MDDR_DQS_ECC                                          Unassigned  
C8                VSS                                                              Reserved    
C9                DDRIO88NB1                                                       Unassigned  
C10               VDDI1                                                            Reserved    
C11               DDRIO85NB1/MDDR_DQS0_N                                           Unassigned  
C12               VSS                                                              Reserved    
C13               DDRIO79NB1/MDDR_DQS1_N                                           Unassigned  
C14               VDDI1                                                            Reserved    
C15               DDRIO74NB1/MDDR_CS_N                                             Unassigned  
C16               DDRIO70PB1/MDDR_BA2                                              Unassigned  
C17               DDRIO68PB1/MDDR_ADDR3                                            Unassigned  
C18               DDRIO68NB1/MDDR_ADDR4                                            Unassigned  
C19               DDRIO66NB1/MDDR_ADDR7                                            Unassigned  
C20               DDRIO66PB1/MDDR_ODT                                              Unassigned  
C21               VSS                                                              Reserved    
C22               MSIO60PB2/MMUART_0_RXD/GPIO_28_B/USB_STP_C                       Unassigned  
D1                MSIO142PB8                                                       Unassigned  
D2                MSIO142NB8                                                       Unassigned  
D3                MSIO134PB8                                                       Unassigned  
D4                MSIO134NB8                                                       Unassigned  
D5                MSIO127NB8                                                       Unassigned  
D6                DDRIO97NB1                                                       Unassigned  
D7                MDDR_IMP_CALIB                                                   Reserved    
D8                DDRIO90NB1/MDDR_DM_RDQS_ECC                                      Unassigned  
D9                DDRIO88PB1/CCC_NW1_CLKI3                                         Special     
D10               DDRIO83PB1/MDDR_DQ5                                              Unassigned  
D11               DDRIO83NB1/MDDR_DQ6                                              Unassigned  
D12               DDRIO80PB1/MDDR_DQ10/CCC_NE0_CLKI2                               Special     
D13               DDRIO80NB1/MDDR_DQ11                                             Unassigned  
D14               DDRIO76PB1/CCC_NE1_CLKI3/MDDR_DQ14                               Special     
D15               VSS                                                              Reserved    
D16               DDRIO69PB1/MDDR_ADDR1                                            Unassigned  
D17               VDDI1                                                            Reserved    
D18               DDRIO62PB1/MDDR_ADDR14                                           Unassigned  
D19               VSS                                                              Reserved    
D20               DDRIO63NB1/MDDR_ADDR13                                           Unassigned  
D21               MSI59NB2/MMUART_0_TXD/GPIO_27_B/USB_DIR_C                        Unassigned  
D22               FLASH_GOLDEN_N                                                   Reserved    
E1      LED[0]    MSIO143PB8                                                       Fixed       LVCMOS33  Output     TRISTATE                        None           No                                  ---              ---         ---            ---             ---          ---   ---           4                  5                 
E2                MSIO143NB8                                                       Unassigned  
E3                VSS                                                              Reserved    
E4                MSIO138PB8                                                       Unassigned  
E5                MSIO138NB8                                                       Unassigned  
E6                VSS                                                              Reserved    
E7                DDRIO93PB1/MDDR_TMATCH_ECC_OUT                                   Unassigned  
E8                DDRIO90PB1/MDDR_TMATCH_ECC_IN                                    Unassigned  
E9                VSS                                                              Reserved    
E10               DDRIO86NB1/MDDR_DQ3                                              Unassigned  
E11               VDDI1                                                            Reserved    
E12               DDRIO82PB1/MDDR_DQ7                                              Unassigned  
E13               DDRIO76NB1/MDDR_DQ15                                             Unassigned  
E14               VSS                                                              Reserved    
E15               DDRIO73PB1/MDDR_RESET_N                                          Unassigned  
E16               DDRIO69NB1/MDDR_ADDR2                                            Unassigned  
E17               DDRIO65PB1/MDDR_ADDR8                                            Unassigned  
E18               DDRIO62NB1/MDDR_ADDR15                                           Unassigned  
E19               DDRIO63PB1/MDDR_ADDR12                                           Unassigned  
E20               VDDI2                                                            Reserved    
E21               MSIO58NB2/MMUART_0_DCD/GPIO_22_B                                 Unassigned  
E22               MSIO58PB2/MMUART_0_RI/GPIO_21_B                                  Unassigned  
F1                VDDI8                                                            Reserved    
F2                MSIO152NB8                                                       Unassigned  
F3                MSIO145PB8                                                       Unassigned  
F4      LED[1]    MSIO145NB8                                                       Fixed       LVCMOS33  Output     TRISTATE                        None           No                                  ---              ---         ---            ---             ---          ---   ---           4                  5                 
F5                MSIO132PB8                                                       Unassigned  
F6                MSIO132NB8                                                       Unassigned  
F7                VDDI1                                                            Reserved    
F8                DDRIO93NB1/CCC_NW0_CLKI2                                         Special     
F9                VDDI1                                                            Reserved    
F10               DDRIO86PB1/MDDR_DQ2                                              Unassigned  
F11               VSS                                                              Reserved    
F12               DDRIO82NB1/MDDR_TMATCH_0_OUT                                     Unassigned  
F13               VDDI1                                                            Reserved    
F14               DDRIO75PB1/MDDR_RAS_N                                            Unassigned  
F15               DDRIO73NB1/MDDR_CAS_N                                            Unassigned  
F16               VSS                                                              Reserved    
F17               DDRIO65NB1/MDDR_ADDR9                                            Unassigned  
F18               MSIO57NB2/MMUART_0_DSR/GPIO_20_B                                 Unassigned  
F19               MSIO57PB2/MMUART_0_CTS/GPIO_19_B/USB_DATA7_C                     Unassigned  
F20               MSIO56NB2/MMUART_0_DTR/GPIO_18_B/USB_DATA6_C                     Unassigned  
F21               MSIO56PB2/MMUART_0_RTS/GPIO_17_B/USB_DATA5_C                     Unassigned  
F22               VDDI2                                                            Reserved    
G1                MSIO156NB8                                                       Unassigned  
G2                MSIO152PB8                                                       Unassigned  
G3                MSIO154NB8                                                       Unassigned  
G4                VDDI8                                                            Reserved    
G5                MSIO131PB8                                                       Unassigned  
G6                MSIO131NB8                                                       Unassigned  
G7                MSIO146NB8                                                       Unassigned  
G8                CCC_NW1_PLL_VSSA                                                 Reserved    
G9                CCC_NW1_PLL_VDDA                                                 Reserved    
G10               VREF                                                             Reserved    
G11               VREF                                                             Reserved    
G12               DDRIO78PB1/MDDR_TMATCH_0_IN                                      Unassigned  
G13               DDRIO78NB1/MDDR_DM_RDQS1                                         Unassigned  
G14               DDRIO75NB1/MDDR_WE_N                                             Unassigned  
G15               VREF                                                             Reserved    
G16               MSIO61NB2/I2C_0_SCL/GPIO_31_B/USB_DATA1_C                        Unassigned  
G17               MSIO61PB2/I2C_0_SDA/GPIO_30_B/USB_DATA0_C                        Unassigned  
G18               MSIO55NB2/MMUART_1_RXD/GPIO_26_B/USB_DATA3_C                     Unassigned  
G19               MSIO55PB2/GB14/VCCC_SE1_CLKI/MMUART_1_CLK/GPIO_25_B/USB_DATA4_C  Special     
G20               VSS                                                              Reserved    
G21               MSIO53NB2/MMUART_1_DCD/GPIO_16_B                                 Unassigned  
G22               MSIO53PB2/CCC_NE1_CLKI1/MMUART_1_RI/GPIO_15_B                    Special     
H1                MSIO156PB8/GB6/CCC_NW1_CLKI1                                     Special     
H2                VSS                                                              Reserved    
H3                MSIO154PB8                                                       Unassigned  
H4                MSIO150PB8                                                       Unassigned  
H5                MSIO150NB8                                                       Unassigned  
H6                MSIO148PB8                                                       Unassigned  
H7                MSIO146PB8                                                       Unassigned  
H8                CCC_NW0_PLL_VDDA                                                 Reserved    
H9                VSS                                                              Reserved    
H10               VDD                                                              Reserved    
H11               VSS                                                              Reserved    
H12               VDDI1                                                            Reserved    
H13               VSS                                                              Reserved    
H14               VDDI1                                                            Reserved    
H15               CCC_NE0_PLL_VDDA                                                 Reserved    
H16               MSS_MDDR_PLL_VDDA                                                Reserved    
H17               MSS_MDDR_PLL_VSSA                                                Reserved    
H18               VDDI2                                                            Reserved    
H19               MSIO54NB2/MMUART_1_TXD/GPIO_24_B/USB_DATA2_C                     Unassigned  
H20               MSIO54PB2/GB10/VCCC_SE0_CLKI/USB_XCLK_C                          Special     
H21               MSIO51NB2/MMUART_1_DTR/GPIO_12_B                                 Unassigned  
H22               MSIO51PB2/MMUART_1_RTS/GPIO_11_B                                 Unassigned  
J1                MSIO158PB8/CCC_NW1_CLKI0                                         Special     
J2                MSIO158NB8                                                       Unassigned  
J3                MSIO157PB8/GB2/CCC_NW0_CLKI1                                     Special     
J4                MSIO157NB8                                                       Unassigned  
J5                VSS                                                              Reserved    
J6                MSIO148NB8                                                       Unassigned  
J7                VDDI8                                                            Reserved    
J8                CCC_NW0_PLL_VSSA                                                 Reserved    
J9                VDD                                                              Reserved    
J10               VSS                                                              Reserved    
J11               VDD                                                              Reserved    
J12               VSS                                                              Reserved    
J13               VDD                                                              Reserved    
J14               VSS                                                              Reserved    
J15               CCC_NE0_PLL_VSSA                                                 Reserved    
J16               CCC_NE1_PLL_VSSA                                                 Reserved    
J17               CCC_NE1_PLL_VDDA                                                 Reserved    
J18               MSIO24NB3/SPI_1_SS3/GPIO_16_A                                    Unassigned  
J19               MSIO52NB2/MMUART_1_DSR/GPIO_14_B                                 Unassigned  
J20               MSIO52PB2/CCC_NE0_CLKI1/MMUART_1_CTS/GPIO_13_B                   Special     
J21               VDDI2                                                            Reserved    
J22               MSIO20NB3/GB13/VCCC_SE1_CLKI/GPIO_26_A                           Special     
K1                MSIOD178PB7/CCC_SW0_CLKI0                                        Special     
K2                MSIOD178NB7                                                      Unassigned  
K3                VDDI7                                                            Reserved    
K4                MSIOD175PB7/GB5/CCC_SW1_CLKI1                                    Special     
K5                MSIOD175NB7                                                      Unassigned  
K6                MSIO159PB8/CCC_NW0_CLKI0                                         Special     
K7                MSIO159NB8                                                       Unassigned  
K8                MSIOD176PB7/GB1/CCC_SW0_CLKI1                                    Special     
K9                VSS                                                              Reserved    
K10               VDD                                                              Reserved    
K11               VSS                                                              Reserved    
K12               VDD                                                              Reserved    
K13               VSS                                                              Reserved    
K14               VDD                                                              Reserved    
K15               MSIO22NB3/SPI_0_SS2/GPIO_9_A/USB_DATA6_A                         Unassigned  
K16               MSIO23NB3/SPI_1_SS1/GPIO_14_A                                    Unassigned  
K17               MSIO23PB3/SPI_0_SS3/GPIO_10_A/USB_DATA7_A                        Unassigned  
K18               MSIO24PB3/SPI_1_SS2/GPIO_15_A                                    Unassigned  
K19               VSS                                                              Reserved    
K20               MSIO19NB3/SPI_1_SS7/GPIO_24_A                                    Unassigned  
K21               MSIO19PB3/SPI_1_SS6/GPIO_23_A                                    Unassigned  
K22               MSIO20PB3/GB9/VCCC_SE0_CLKI/GPIO_25_A                            Special     
L1                VSS                                                              Reserved    
L2                MSIOD179PB7                                                      Unassigned  
L3                MSIOD179NB7                                                      Unassigned  
L4                MSIOD180PB7                                                      Unassigned  
L5                MSIOD180NB7                                                      Unassigned  
L6                VDDI7                                                            Reserved    
L7                MSIOD177NB7                                                      Unassigned  
L8                MSIOD176NB7                                                      Unassigned  
L9                VDD                                                              Reserved    
L10               VSS                                                              Reserved    
L11               VDD                                                              Reserved    
L12               VSS                                                              Reserved    
L13               VDD                                                              Reserved    
L14               VSS                                                              Reserved    
L15               VPP                                                              Reserved    
L16               MSIO22PB3/SPI_0_SS1/GPIO_8_A/USB_DATA5_A                         Unassigned  
L17               VDDI3                                                            Reserved    
L18               MSIO18NB3/SPI_1_SS5/GPIO_18_A                                    Unassigned  
L19               MSIO18PB3/SPI_1_SS4/GPIO_17_A                                    Unassigned  
L20     PB_SW     MSIO17NB3/SPI_1_SS0/GPIO_13_A                                    Fixed       LVCMOS33  Input      TRISTATE                        None           No                                  Off              ---         ---            Off             Off          ---   ---           ---                ---               
L21               MSIO17PB3/SPI_1_SDO/GPIO_12_A                                    Unassigned  
L22               VSS                                                              Reserved    
M1                MSIOD185NB7                                                      Unassigned  
M2                MSIOD183NB7                                                      Unassigned  
M3                MSIOD183PB7                                                      Unassigned  
M4                VSS                                                              Reserved    
M5                MSIOD181PB7                                                      Unassigned  
M6                MSIOD181NB7                                                      Unassigned  
M7                MSIOD177PB7/CCC_SW1_CLKI0                                        Special     
M8                MSIOD188NB7                                                      Unassigned  
M9                VSS                                                              Reserved    
M10               VDD                                                              Reserved    
M11               VSS                                                              Reserved    
M12               VDD                                                              Reserved    
M13               VSS                                                              Reserved    
M14               VDD                                                              Reserved    
M15               VPPNVM                                                           Reserved    
M16               MSIO14PB3/SPI_0_SS4/GPIO_19_A                                    Unassigned  
M17               MSIO14NB3/SPI_0_SS5/GPIO_20_A                                    Unassigned  
M18               MSIO15PB3/SPI_0_SS6/GPIO_21_A                                    Unassigned  
M19               MSIO15NB3/SPI_0_SS7/GPIO_22_A                                    Unassigned  
M20               VDDI3                                                            Reserved    
M21               MSIO16PB3/SPI_1_CLK                                              Unassigned  
M22               MSIO16NB3/SPI_1_SDI/GPIO_11_A                                    Unassigned  
N1                MSIOD185PB7                                                      Unassigned  
N2                VDDI7                                                            Reserved    
N3                MSIOD184PB7                                                      Unassigned  
N4                MSIOD184NB7                                                      Unassigned  
N5                MSIOD182PB7                                                      Unassigned  
N6                MSIOD182NB7                                                      Unassigned  
N7                VSS                                                              Reserved    
N8                MSIOD188PB7                                                      Unassigned  
N9                VDD                                                              Reserved    
N10               VSS                                                              Reserved    
N11               VDD                                                              Reserved    
N12               VSS                                                              Reserved    
N13               VDD                                                              Reserved    
N14               VSS                                                              Reserved    
N15               VSSNVM                                                           Reserved    
N16               MSIO8PB3/CAN_RX/GPIO_3_A/USB_DATA1_A                             Unassigned  
N17               MSIO8NB3/CAN_TX_EN_N/GPIO_4_A/USB_DATA2_A                        Unassigned  
N18               VSS                                                              Reserved    
N19               MSIO12PB3/SPI_0_CLK/USB_XCLK_A                                   Unassigned  
N20               MSIO12NB3/SPI_0_SDI/GPIO_5_A/USB_DIR_A                           Unassigned  
N21               MSIO13PB3/SPI_0_SDO/GPIO_6_A/USB_STP_A                           Unassigned  
N22               MSIO13NB3/SPI_0_SS0/GPIO_7_A/USB_NXT_A                           Unassigned  
P1                MSIOD187PB7                                                      Unassigned  
P2                MSIOD187NB7                                                      Unassigned  
P3                MSIOD186NB7                                                      Unassigned  
P4                MSIOD186PB7                                                      Unassigned  
P5                VDDI7                                                            Reserved    
P6                MSIOD189PB7                                                      Unassigned  
P7                MSIOD189NB7                                                      Unassigned  
P8                VDD                                                              Reserved    
P9                VSS                                                              Reserved    
P10               VDD                                                              Reserved    
P11               VSS                                                              Reserved    
P12               VDD                                                              Reserved    
P13               VSS                                                              Reserved    
P14               VDD                                                              Reserved    
P15               VPP                                                              Reserved    
P16               MSIO7NB3/CAN_TX/GPIO_2_A/USB_DATA0_A                             Unassigned  
P17               MSIO6PB3/USB_DATA6_B                                             Unassigned  
P18               MSIO6NB3                                                         Unassigned  
P19               SC_SPI_SDO                                                       Reserved    
P20               SC_SPI_SS                                                        Reserved    
P21               VSS                                                              Reserved    
P22               MSIO11PB3/CCC_NE0_CLKI0/I2C_1_SDA/GPIO_0_A/USB_DATA3_A           Special     
R1                MSIOD190NB7                                                      Unassigned  
R2                MSIOD190PB7                                                      Unassigned  
R3                MSIOD191PB7                                                      Unassigned  
R4                MSIOD191NB7                                                      Unassigned  
R5                VSS                                                              Reserved    
R6                CCC_SW0_PLL_VSSA                                                 Reserved    
R7                CCC_SW1_PLL_VDDA                                                 Reserved    
R8                VDD                                                              Reserved    
R9                VSS                                                              Reserved    
R10               VSS                                                              Reserved    
R11               VDD                                                              Reserved    
R12               VSS                                                              Reserved    
R13               VDD                                                              Reserved    
R14               VSS                                                              Reserved    
R15     DEVRST_N  DEVRST_N                                                         Dedicated   
R16               MSIO7PB3                                                         Unassigned  
R17               MSIO1PB3/USB_XCLK_B                                              Unassigned  
R18               MSIO1NB3/USB_DIR_B                                               Unassigned  
R19               VDDI3                                                            Reserved    
R20               SC_SPI_CLK                                                       Reserved    
R21               SC_SPI_SDI                                                       Reserved    
R22               MSIO11NB3/CCC_NE1_CLKI0/I2C_1_SCL/GPIO_1_A/USB_DATA4_A           Special     
T1                MSIOD193NB6                                                      Unassigned  
T2                VSS                                                              Reserved    
T3                MSIOD192NB7                                                      Unassigned  
T4                MSIOD192PB7                                                      Unassigned  
T5                CCC_SW0_PLL_VDDA                                                 Reserved    
T6                VSS                                                              Reserved    
T7                CCC_SW1_PLL_VSSA                                                 Reserved    
T8                VPP                                                              Reserved    
T9                VDD                                                              Reserved    
T10               VDD                                                              Reserved    
T11               NC                                                               Reserved    
T12               NC                                                               Reserved    
T13               MSIO210NB5                                                       Unassigned  
T14               VDDI5                                                            Reserved    
T15               VSS                                                              Reserved    
T16               MSIO232NB5                                                       Unassigned  
T17               VSS                                                              Reserved    
T18               MSIO2PB3/USB_STP_B                                               Unassigned  
T19               MSIO2NB3/USB_NXT_B                                               Unassigned  
T20               MSIO5PB3/USB_DATA4_B                                             Unassigned  
T21               MSIO5NB3/USB_DATA5_B                                             Unassigned  
T22               VDDI3                                                            Reserved    
U1                MSIOD193PB6                                                      Unassigned  
U2                VDDI6                                                            Reserved    
U3                MSIOD194PB6                                                      Unassigned  
U4                MSIOD194NB6                                                      Unassigned  
U5                DNC                                                              Reserved    
U6                VSS                                                              Reserved    
U7                VDD                                                              Reserved    
U8                VDD                                                              Reserved    
U9                VPP                                                              Reserved    
U10               MSIO199PB5                                                       Unassigned  
U11               MSIO199NB5                                                       Unassigned  
U12               VSS                                                              Reserved    
U13               MSIO210PB5/GB11/VCCC_SE0_CLKI                                    Special     
U14               MSIO218PB5                                                       Unassigned  
U15               MSIO218NB5                                                       Unassigned  
U16               MSIO232PB5                                                       Unassigned  
U17               MSIO234NB5                                                       Unassigned  
U18               MSIO238NB5                                                       Unassigned  
U19               MSIO0PB3                                                         Unassigned  
U20               VSS                                                              Reserved    
U21               MSIO4NB3/USB_DATA3_B                                             Unassigned  
U22               MSIO4PB3/USB_DATA2_B                                             Unassigned  
V1                VSS                                                              Reserved    
V2                VSS                                                              Reserved    
V3                VSS                                                              Reserved    
V4                VSS                                                              Reserved    
V5                VSS                                                              Reserved    
V6                VSS                                                              Reserved    
V7                VSS                                                              Reserved    
V8                DNC                                                              Reserved    
V9                VSS                                                              Reserved    
V10               VDDI5                                                            Reserved    
V11               MSIO201PB5/GB3/CCC_SW0_CLKI3                                     Special     
V12               MSIO206NB5                                                       Unassigned  
V13               MSIO211PB5                                                       Unassigned  
V14               MSIO211NB5                                                       Unassigned  
V15               VSS                                                              Reserved    
V16               MSIO224NB5                                                       Unassigned  
V17               MSIO234PB5                                                       Unassigned  
V18               MSIO238PB5                                                       Unassigned  
V19               MSIO0NB3/USB_DATA7_B                                             Unassigned  
V20               JTAG_TMS/M3_TMS/M3_SWDIO                                         Reserved    
V21               MSIO3NB3/USB_DATA1_B                                             Unassigned  
V22               MSIO3PB3/USB_DATA0_B                                             Unassigned  
W1                VSS                                                              Reserved    
W2                VSS                                                              Reserved    
W3                VSS                                                              Reserved    
W4                VSS                                                              Reserved    
W5                VSS                                                              Reserved    
W6                VSS                                                              Reserved    
W7                VSS                                                              Reserved    
W8                VSS                                                              Reserved    
W9                MSIO196PB5                                                       Unassigned  
W10               User Reserved                                                    Unassigned  
W11               MSIO201NB5/GB7/CCC_SW1_CLKI2                                     Special     
W12               MSIO206PB5                                                       Unassigned  
W13               VDDI5                                                            Reserved    
W14               MSIO212NB5                                                       Unassigned  
W15               MSIO216NB5                                                       Unassigned  
W16               MSIO224PB5                                                       Unassigned  
W17               MSIO226NB5                                                       Unassigned  
W18               VSS                                                              Reserved    
W19               MSIO236NB5                                                       Unassigned  
W20               JTAG_TCK/M3_TCK                                                  Reserved    
W21               VDDI4                                                            Reserved    
W22               JTAG_TDI/M3_TDI                                                  Reserved    
Y1                VSS                                                              Reserved    
Y2                VSS                                                              Reserved    
Y3                VSS                                                              Reserved    
Y4                VSS                                                              Reserved    
Y5                VSS                                                              Reserved    
Y6                VSS                                                              Reserved    
Y7                VSS                                                              Reserved    
Y8                VSS                                                              Reserved    
Y9                MSIO196NB5/CCC_SW0_CLKI2                                         Special     
Y10               User Reserved                                                    Unassigned  
Y11               VSS                                                              Reserved    
Y12               MSIO204NB5                                                       Unassigned  
Y13               MSIO209NB5                                                       Unassigned  
Y14               MSIO212PB5/GB15/VCCC_SE1_CLKI                                    Special     
Y15               MSIO216PB5                                                       Unassigned  
Y16               VDDI5                                                            Reserved    
Y17               MSIO226PB5                                                       Unassigned  
Y18               MSIO228PB5                                                       Unassigned  
Y19               MSIO228NB5                                                       Unassigned  
Y20               MSIO236PB5                                                       Unassigned  
Y21               JTAG_TDO/M3_TDO/M3_SWO                                           Reserved    
Y22               JTAG_TRSTB/M3_TRSTB                                              Reserved    
