********************************************************************
I/O Bank Report - Date: Tue Feb 07 17:42:08 2017
Product: Designer
Release: v11.7 SP2
Version: 11.7.2.2
Design Name: Top
Family: SmartFusion2
Die: M2S090
Package: 484 FBGA
********************************************************************


I/O Function:

    Type                                  | w/o register  | w/ register  | w/ DDR register
    --------------------------------------|---------------|--------------|----------------
    Input I/O                             | 1             | 0            | 0
    Output I/O                            | 2             | 0            | 0
    Bidirectional I/O                     | 0             | 0            | 0
    Differential Input I/O Pairs          | 0             | 0            | 0
    Differential Output I/O Pairs         | 0             | 0            | 0

I/O Technology:

                                    |   Voltages    |             I/Os              
    --------------------------------|-------|-------|-------|--------|--------------
    I/O Standard(s)                 | Vddi  | Vref  | Input | Output | Bidirectional
    --------------------------------|-------|-------|-------|--------|--------------
    LVCMOS33                        | 3.30v | N/A   | 1     | 2      | 0            

I/O Bank Resource Usage:

          |   Voltages    | Single I/Os  | Diff I/O Pairs |        Vref I/Os        |  Type   
          |-------|-------|------|-------|-------|--------|------|-------|----------|---------
          | Vddi  | Vref  | Used | Total | Used  | Total  | Used | Total | Vref Pins|         
    ------|-------|-------|------|-------|-------|--------|------|-------|----------|---------
    Bank0 | N/A   | N/A   | 0    | 0     | 0     | 0      | N/A  | N/A   | N/A      | MSIO    
    Bank1 | N/A   | N/A   | 0    | 70    | 0     | 35     | N/A  | N/A   | N/A      | DDRIO   
    Bank2 | N/A   | N/A   | 0    | 21    | 0     | 10     | N/A  | N/A   | N/A      | MSIO    
    Bank3 | 3.30v | N/A   | 1    | 44    | 0     | 22     | N/A  | N/A   | N/A      | MSIO    
    Bank4 | N/A   | N/A   | 0    | 0     | 0     | 0      | N/A  | N/A   | N/A      | JTAG    
    Bank5 | N/A   | N/A   | 0    | 52    | 0     | 26     | N/A  | N/A   | N/A      | MSIO    
    Bank6 | N/A   | N/A   | 0    | 4     | 0     | 2      | N/A  | N/A   | N/A      | MSIOD   
    Bank7 | N/A   | N/A   | 0    | 36    | 0     | 18     | N/A  | N/A   | N/A      | MSIOD   
    Bank8 | 3.30v | N/A   | 2    | 40    | 0     | 20     | N/A  | N/A   | N/A      | MSIO    

I/O Voltage Usage:

       Voltages    |     I/Os     
    -------|-------|------|-------
     Vddi  | Vref  | Used | Total 
    -------|-------|------|-------
     3.30v | N/A   | 3    | 84    

