# Synopsys Constraint Checker(syntax only), version mapact, Build 1659R, built Dec 10 2015
# Copyright (C) 1994-2015, Synopsys, Inc. This software and the associated documentation are proprietary to Synopsys, Inc. This software may only be used in accordance with the terms and conditions of a written license agreement with Synopsys, Inc.  All other use, reproduction, or distribution of this software is strictly prohibited.

# Written on Thu Apr 14 13:39:23 2016


##### DESIGN INFO #######################################################

Top View:                "debounce"
Constraint File(s):      (none)

#Run constraint checker to find more issues with constraints.
#########################################################################



No issues found in constraint syntax.



Clock Summary
*************

Start     Requested     Requested     Clock     Clock
Clock     Frequency     Period        Type      Group
-----------------------------------------------------
=====================================================
