*****************************************************************
Pin Report - Date: Thu Feb 02 01:04:53 2017 Pinchecksum: NOT-AVAILABLE
Product: Designer
Release: v11.7
Version: 11.7.0.119
Design Name: M2S_MSS
Family: SmartFusion2
Die: M2S090TS
Package: 484 FBGA
*****************************************************************

Port                  |Pin |Fixed |Function                                                        |Bank     |I/O Std   |Direction                      |I/O state in Flash*Freeze mode |Resistor Pull                      |I/O available in Flash*Freeze mode |Schmitt Trigger |Odt_Static    |Odt Imp (Ohm)  |Low Power Exit |Input Delay |Slew         |Pre-Emphasis      |Output Drive (mA) |Output Load (pF) |
----------------------|----|------|----------------------------------------------------------------|---------|----------|-------------------------------|-------------------------------|-----------------------------------|-----------------------------------|----------------|--------------|---------------|---------------|------------|-------------|------------------|------------------|-----------------|
APB_S_PCLK             V21  No     MSIO3NB3/USB_DATA1_B                                             Bank3     LVCMOS25   Input                           TRISTATE                        None                                No                                  Off              ---            ---             Off             Off          ---           ---                ---                ---               
APB_S_PRESET_N         T19  No     MSIO2NB3/USB_NXT_B                                               Bank3     LVCMOS25   Input                           TRISTATE                        None                                No                                  Off              ---            ---             Off             Off          ---           ---                ---                ---               
CLK_BASE               U3   No     MSIOD194PB6/SERDES_0_REFCLK1_P                                   Bank6     LVCMOS25   Input                           TRISTATE                        None                                No                                  Off              ---            ---             Off             Off          ---           ---                ---                ---               
DEVRST_N               R15  Fixed  DEVRST_N                                                         ---       
FAB_CCC_GL0            L19  No     MSIO18PB3/SPI_1_SS4/GPIO_17_A                                    Bank3     LVCMOS25   Output                          TRISTATE                        None                                No                                  ---              ---            ---             ---             ---          SLOW          ---                4                  5                 
FAB_CCC_LOCK           B22  No     MSIO60NB2/MMUART_0_CLK/GPIO_29_B/USB_NXT_C                       Bank2     LVCMOS25   Output                          TRISTATE                        None                                No                                  ---              ---            ---             ---             ---          SLOW          ---                4                  5                 
GPIO_0_M2F             E1   Yes    MSIO143PB8                                                       Bank8     LVCMOS33   Output                          TRISTATE                        None                                No                                  ---              ---            ---             ---             ---          ---           ---                4                  5                 
GPIO_1_M2F             F4   Yes    MSIO145NB8                                                       Bank8     LVCMOS33   Output                          TRISTATE                        None                                No                                  ---              ---            ---             ---             ---          ---           ---                4                  5                 
GPIO_2_M2F             F3   Yes    MSIO145PB8                                                       Bank8     LVCMOS33   Output                          TRISTATE                        None                                No                                  ---              ---            ---             ---             ---          ---           ---                4                  5                 
GPIO_3_M2F             G7   Yes    MSIO146NB8                                                       Bank8     LVCMOS33   Output                          TRISTATE                        None                                No                                  ---              ---            ---             ---             ---          ---           ---                4                  5                 
I2C_0_SCL              G16  Yes    MSIO61NB2/I2C_0_SCL/GPIO_31_B/USB_DATA1_C                        Bank2     LVCMOS25   Inout                           TRISTATE                        None                                No                                  Off              ---            ---             Off             Off          SLOW          ---                4                  5                 
I2C_0_SDA              G17  Yes    MSIO61PB2/I2C_0_SDA/GPIO_30_B/USB_DATA0_C                        Bank2     LVCMOS25   Inout                           TRISTATE                        None                                No                                  Off              ---            ---             Off             Off          SLOW          ---                4                  5                 
I2C_1_SCL              R22  Yes    MSIO11NB3/CCC_NE1_CLKI0/I2C_1_SCL/GPIO_1_A/USB_DATA4_A           Bank3     LVCMOS25   Inout                           TRISTATE                        None                                No                                  Off              ---            ---             Off             Off          SLOW          ---                4                  5                 
I2C_1_SDA              P22  Yes    MSIO11PB3/CCC_NE0_CLKI0/I2C_1_SDA/GPIO_0_A/USB_DATA3_A           Bank3     LVCMOS25   Inout                           TRISTATE                        None                                No                                  Off              ---            ---             Off             Off          SLOW          ---                4                  5                 
MDDR_ADDR[0]           B17  Yes    DDRIO70NB1/MDDR_ADDR0                                            Bank1     SSTL18I    Output                          TRISTATE                        None                                No                                  ---              ---            ---             ---             ---          ---           ---                ---                5                 
MDDR_ADDR[1]           D16  Yes    DDRIO69PB1/MDDR_ADDR1                                            Bank1     SSTL18I    Output                          TRISTATE                        None                                No                                  ---              ---            ---             ---             ---          ---           ---                ---                5                 
MDDR_ADDR[2]           E16  Yes    DDRIO69NB1/MDDR_ADDR2                                            Bank1     SSTL18I    Output                          TRISTATE                        None                                No                                  ---              ---            ---             ---             ---          ---           ---                ---                5                 
MDDR_ADDR[3]           C17  Yes    DDRIO68PB1/MDDR_ADDR3                                            Bank1     SSTL18I    Output                          TRISTATE                        None                                No                                  ---              ---            ---             ---             ---          ---           ---                ---                5                 
MDDR_ADDR[4]           C18  Yes    DDRIO68NB1/MDDR_ADDR4                                            Bank1     SSTL18I    Output                          TRISTATE                        None                                No                                  ---              ---            ---             ---             ---          ---           ---                ---                5                 
MDDR_ADDR[5]           B19  Yes    DDRIO67PB1/MDDR_ADDR5                                            Bank1     SSTL18I    Output                          TRISTATE                        None                                No                                  ---              ---            ---             ---             ---          ---           ---                ---                5                 
MDDR_ADDR[6]           A20  Yes    DDRIO67NB1/MDDR_ADDR6                                            Bank1     SSTL18I    Output                          TRISTATE                        None                                No                                  ---              ---            ---             ---             ---          ---           ---                ---                5                 
MDDR_ADDR[7]           C19  Yes    DDRIO66NB1/MDDR_ADDR7                                            Bank1     SSTL18I    Output                          TRISTATE                        None                                No                                  ---              ---            ---             ---             ---          ---           ---                ---                5                 
MDDR_ADDR[8]           E17  Yes    DDRIO65PB1/MDDR_ADDR8                                            Bank1     SSTL18I    Output                          TRISTATE                        None                                No                                  ---              ---            ---             ---             ---          ---           ---                ---                5                 
MDDR_ADDR[9]           F17  Yes    DDRIO65NB1/MDDR_ADDR9                                            Bank1     SSTL18I    Output                          TRISTATE                        None                                No                                  ---              ---            ---             ---             ---          ---           ---                ---                5                 
MDDR_ADDR[10]          A21  Yes    DDRIO64PB1/MDDR_ADDR10                                           Bank1     SSTL18I    Output                          TRISTATE                        None                                No                                  ---              ---            ---             ---             ---          ---           ---                ---                5                 
MDDR_ADDR[11]          B21  Yes    DDRIO64NB1/MDDR_ADDR11                                           Bank1     SSTL18I    Output                          TRISTATE                        None                                No                                  ---              ---            ---             ---             ---          ---           ---                ---                5                 
MDDR_ADDR[12]          E19  Yes    DDRIO63PB1/MDDR_ADDR12                                           Bank1     SSTL18I    Output                          TRISTATE                        None                                No                                  ---              ---            ---             ---             ---          ---           ---                ---                5                 
MDDR_ADDR[13]          D20  Yes    DDRIO63NB1/MDDR_ADDR13                                           Bank1     SSTL18I    Output                          TRISTATE                        None                                No                                  ---              ---            ---             ---             ---          ---           ---                ---                5                 
MDDR_ADDR[14]          D18  Yes    DDRIO62PB1/MDDR_ADDR14                                           Bank1     SSTL18I    Output                          TRISTATE                        None                                No                                  ---              ---            ---             ---             ---          ---           ---                ---                5                 
MDDR_ADDR[15]          E18  Yes    DDRIO62NB1/MDDR_ADDR15                                           Bank1     SSTL18I    Output                          TRISTATE                        None                                No                                  ---              ---            ---             ---             ---          ---           ---                ---                5                 
MDDR_BA[0]             A18  Yes    DDRIO71PB1/MDDR_BA0                                              Bank1     SSTL18I    Output                          TRISTATE                        None                                No                                  ---              ---            ---             ---             ---          ---           ---                ---                5                 
MDDR_BA[1]             A19  Yes    DDRIO71NB1/MDDR_BA1                                              Bank1     SSTL18I    Output                          TRISTATE                        None                                No                                  ---              ---            ---             ---             ---          ---           ---                ---                5                 
MDDR_BA[2]             C16  Yes    DDRIO70PB1/MDDR_BA2                                              Bank1     SSTL18I    Output                          TRISTATE                        None                                No                                  ---              ---            ---             ---             ---          ---           ---                ---                5                 
MDDR_CAS_N             F15  Yes    DDRIO73NB1/MDDR_CAS_N                                            Bank1     SSTL18I    Output                          TRISTATE                        None                                No                                  ---              ---            ---             ---             ---          ---           ---                ---                5                 
MDDR_CKE               B15  Yes    DDRIO74PB1/MDDR_CKE                                              Bank1     SSTL18I    Output                          TRISTATE                        None                                No                                  ---              ---            ---             ---             ---          ---           ---                ---                5                 
MDDR_CLK               A16  Yes    DDRIO72PB1/MDDR_CLK                                              Bank1     SSTL18I    Output                          TRISTATE                        None                                No                                  ---              ---            ---             ---             ---          ---           ---                ---                5                 
MDDR_CLK_N             A17  Yes    DDRIO72NB1/MDDR_CLK_N                                            Bank1     SSTL18I    Output                          TRISTATE                        None                                No                                  ---              ---            ---             ---             ---          ---           ---                ---                5                 
MDDR_CS_N              C15  Yes    DDRIO74NB1/MDDR_CS_N                                             Bank1     SSTL18I    Output                          TRISTATE                        None                                No                                  ---              ---            ---             ---             ---          ---           ---                ---                5                 
MDDR_DM_RDQS[0]        A10  Yes    DDRIO84PB1/MDDR_DM_RDQS0                                         Bank1     SSTL18I    Inout                           TRISTATE                        None                                No                                  Off              Off            50              Off             Off          ---           ---                ---                5                 
MDDR_DQ[0]             B9   Yes    DDRIO87PB1/MDDR_DQ0                                              Bank1     SSTL18I    Inout                           TRISTATE                        None                                No                                  Off              Off            50              Off             Off          ---           ---                ---                5                 
MDDR_DQ[1]             A9   Yes    DDRIO87NB1/MDDR_DQ1                                              Bank1     SSTL18I    Inout                           TRISTATE                        None                                No                                  Off              Off            50              Off             Off          ---           ---                ---                5                 
MDDR_DQ[2]             F10  Yes    DDRIO86PB1/MDDR_DQ2                                              Bank1     SSTL18I    Inout                           TRISTATE                        None                                No                                  Off              Off            50              Off             Off          ---           ---                ---                5                 
MDDR_DQ[3]             E10  Yes    DDRIO86NB1/MDDR_DQ3                                              Bank1     SSTL18I    Inout                           TRISTATE                        None                                No                                  Off              Off            50              Off             Off          ---           ---                ---                5                 
MDDR_DQ[4]             A11  Yes    DDRIO84NB1/MDDR_DQ4                                              Bank1     SSTL18I    Inout                           TRISTATE                        None                                No                                  Off              Off            50              Off             Off          ---           ---                ---                5                 
MDDR_DQ[5]             D10  Yes    DDRIO83PB1/MDDR_DQ5                                              Bank1     SSTL18I    Inout                           TRISTATE                        None                                No                                  Off              Off            50              Off             Off          ---           ---                ---                5                 
MDDR_DQ[6]             D11  Yes    DDRIO83NB1/MDDR_DQ6                                              Bank1     SSTL18I    Inout                           TRISTATE                        None                                No                                  Off              Off            50              Off             Off          ---           ---                ---                5                 
MDDR_DQ[7]             E12  Yes    DDRIO82PB1/MDDR_DQ7                                              Bank1     SSTL18I    Inout                           TRISTATE                        None                                No                                  Off              Off            50              Off             Off          ---           ---                ---                5                 
MDDR_DQS[0]            B11  Yes    DDRIO85PB1/MDDR_DQS0                                             Bank1     SSTL18I    Inout                           TRISTATE                        None                                No                                  Off              Off            50              Off             Off          ---           ---                ---                5                 
MDDR_DQS_N[0]          C11  Yes    DDRIO85NB1/MDDR_DQS0_N                                           Bank1     SSTL18I    Inout                           TRISTATE                        None                                No                                  Off              Off            50              Off             Off          ---           ---                ---                5                 
MDDR_DQS_TMATCH_0_IN   G12  Yes    DDRIO78PB1/MDDR_TMATCH_0_IN                                      Bank1     SSTL18I    Input                           TRISTATE                        None                                No                                  Off              Off            50              Off             Off          ---           ---                ---                ---               
MDDR_DQS_TMATCH_0_OUT  F12  Yes    DDRIO82NB1/MDDR_TMATCH_0_OUT                                     Bank1     SSTL18I    Output                          TRISTATE                        None                                No                                  ---              ---            ---             ---             ---          ---           ---                ---                5                 
MDDR_ODT               C20  Yes    DDRIO66PB1/MDDR_ODT                                              Bank1     SSTL18I    Output                          TRISTATE                        None                                No                                  ---              ---            ---             ---             ---          ---           ---                ---                5                 
MDDR_RAS_N             F14  Yes    DDRIO75PB1/MDDR_RAS_N                                            Bank1     SSTL18I    Output                          TRISTATE                        None                                No                                  ---              ---            ---             ---             ---          ---           ---                ---                5                 
MDDR_RESET_N           E15  Yes    DDRIO73PB1/MDDR_RESET_N                                          Bank1     SSTL18I    Output                          TRISTATE                        None                                No                                  ---              ---            ---             ---             ---          ---           ---                ---                5                 
MDDR_WE_N              G14  Yes    DDRIO75NB1/MDDR_WE_N                                             Bank1     SSTL18I    Output                          TRISTATE                        None                                No                                  ---              ---            ---             ---             ---          ---           ---                ---                5                 
MMUART_0_RXD           C22  Yes    MSIO60PB2/MMUART_0_RXD/GPIO_28_B/USB_STP_C                       Bank2     LVCMOS25   Input                           TRISTATE                        None                                No                                  Off              ---            ---             Off             Off          ---           ---                ---                ---               
MMUART_0_TXD           D21  Yes    MSI59NB2/MMUART_0_TXD/GPIO_27_B/USB_DIR_C                        Bank2     LVCMOS25   Output                          TRISTATE                        None                                No                                  ---              ---            ---             ---             ---          SLOW          ---                4                  5                 
MMUART_1_RXD           G18  Yes    MSIO55NB2/MMUART_1_RXD/GPIO_26_B/USB_DATA3_C                     Bank2     LVCMOS25   Input                           TRISTATE                        None                                No                                  Off              ---            ---             Off             Off          ---           ---                ---                ---               
MMUART_1_TXD           H19  Yes    MSIO54NB2/MMUART_1_TXD/GPIO_24_B/USB_DATA2_C                     Bank2     LVCMOS25   Output                          TRISTATE                        None                                No                                  ---              ---            ---             ---             ---          SLOW          ---                4                  5                 
PCIE_0_CORE_RESET_N    U4   No     MSIOD194NB6/SERDES_0_REFCLK1_N                                   Bank6     LVCMOS25   Input                           TRISTATE                        None                                No                                  Off              ---            ---             Off             Off          ---           ---                ---                ---               
PCIE_0_INTERRUPT[0]    V19  No     MSIO0NB3/USB_DATA7_B                                             Bank3     LVCMOS25   Input                           TRISTATE                        None                                No                                  Off              ---            ---             Off             Off          ---           ---                ---                ---               
PCIE_0_INTERRUPT[1]    R17  No     MSIO1PB3/USB_XCLK_B                                              Bank3     LVCMOS25   Input                           TRISTATE                        None                                No                                  Off              ---            ---             Off             Off          ---           ---                ---                ---               
PCIE_0_INTERRUPT[2]    R18  No     MSIO1NB3/USB_DIR_B                                               Bank3     LVCMOS25   Input                           TRISTATE                        None                                No                                  Off              ---            ---             Off             Off          ---           ---                ---                ---               
PCIE_0_INTERRUPT[3]    T18  No     MSIO2PB3/USB_STP_B                                               Bank3     LVCMOS25   Input                           TRISTATE                        None                                No                                  Off              ---            ---             Off             Off          ---           ---                ---                ---               
PCIE_0_PERST_N         U22  No     MSIO4PB3/USB_DATA2_B                                             Bank3     LVCMOS25   Input                           TRISTATE                        None                                No                                  Off              ---            ---             Off             Off          ---           ---                ---                ---               
PHY_RESET_N            U19  No     MSIO0PB3                                                         Bank3     LVCMOS25   Input                           TRISTATE                        None                                No                                  Off              ---            ---             Off             Off          ---           ---                ---                ---               
REFCLK0_N              T1   Yes    MSIOD193NB6/SERDES_0_REFCLK0_N                                   Bank6     LVDS       Input                           TRISTATE                        None                                No                                  Off              Off            ---             ---             Off          ---           ---                ---                ---               
REFCLK0_P              U1   Yes    MSIOD193PB6/SERDES_0_REFCLK0_P                                   Bank6     LVDS       Input                           TRISTATE                        None                                No                                  Off              Off            ---             ---             Off          ---           ---                ---                ---               
RXD0_N                 Y1   Fixed  SERDES_0_RXD0_N                                                  ---       
RXD0_P                 W1   Fixed  SERDES_0_RXD0_P                                                  ---       
RXD1_N                 Y3   Fixed  SERDES_0_RXD1_N                                                  ---       
RXD1_P                 W3   Fixed  SERDES_0_RXD1_P                                                  ---       
RXD2_N                 Y5   Fixed  SERDES_0_RXD2_N                                                  ---       
RXD2_P                 W5   Fixed  SERDES_0_RXD2_P                                                  ---       
RXD3_N                 Y7   Fixed  SERDES_0_RXD3_N                                                  ---       
RXD3_P                 W7   Fixed  SERDES_0_RXD3_P                                                  ---       
SDIF0_0_CORE_RESET_N   F18  No     MSIO57NB2/MMUART_0_DSR/GPIO_20_B                                 Bank2     LVCMOS25   Output                          TRISTATE                        None                                No                                  ---              ---            ---             ---             ---          SLOW          ---                4                  5                 
SDIF0_1_CORE_RESET_N   F19  No     MSIO57PB2/MMUART_0_CTS/GPIO_19_B/USB_DATA7_C                     Bank2     LVCMOS25   Output                          TRISTATE                        None                                No                                  ---              ---            ---             ---             ---          SLOW          ---                4                  5                 
SDIF0_PHY_RESET_N      E21  No     MSIO58NB2/MMUART_0_DCD/GPIO_22_B                                 Bank2     LVCMOS25   Output                          TRISTATE                        None                                No                                  ---              ---            ---             ---             ---          SLOW          ---                4                  5                 
SDIF0_SPLL_LOCK        G19  No     MSIO55PB2/GB14/VCCC_SE1_CLKI/MMUART_1_CLK/GPIO_25_B/USB_DATA4_C  Bank2     LVCMOS25   Input                           TRISTATE                        None                                No                                  Off              ---            ---             Off             Off          ---           ---                ---                ---               
SPI_0_CLK              N19  Yes    MSIO12PB3/SPI_0_CLK/USB_XCLK_A                                   Bank3     LVCMOS25   Inout                           TRISTATE                        None                                No                                  Off              ---            ---             Off             Off          SLOW          ---                4                  5                 
SPI_0_DI               N20  Yes    MSIO12NB3/SPI_0_SDI/GPIO_5_A/USB_DIR_A                           Bank3     LVCMOS25   Input                           TRISTATE                        None                                No                                  Off              ---            ---             Off             Off          ---           ---                ---                ---               
SPI_0_DO               N21  Yes    MSIO13PB3/SPI_0_SDO/GPIO_6_A/USB_STP_A                           Bank3     LVCMOS25   Output                          TRISTATE                        None                                No                                  ---              ---            ---             ---             ---          SLOW          ---                4                  5                 
SPI_0_SS0              N22  Yes    MSIO13NB3/SPI_0_SS0/GPIO_7_A/USB_NXT_A                           Bank3     LVCMOS25   Inout                           TRISTATE                        None                                No                                  Off              ---            ---             Off             Off          SLOW          ---                4                  5                 
SPI_1_CLK              M21  Yes    MSIO16PB3/SPI_1_CLK                                              Bank3     LVCMOS25   Inout                           TRISTATE                        None                                No                                  Off              ---            ---             Off             Off          SLOW          ---                4                  5                 
SPI_1_DI               M22  Yes    MSIO16NB3/SPI_1_SDI/GPIO_11_A                                    Bank3     LVCMOS25   Input                           TRISTATE                        None                                No                                  Off              ---            ---             Off             Off          ---           ---                ---                ---               
SPI_1_DO               L21  Yes    MSIO17PB3/SPI_1_SDO/GPIO_12_A                                    Bank3     LVCMOS25   Output                          TRISTATE                        None                                No                                  ---              ---            ---             ---             ---          SLOW          ---                4                  5                 
SPI_1_SS0              L20  Yes    MSIO17NB3/SPI_1_SS0/GPIO_13_A                                    Bank3     LVCMOS25   Inout                           TRISTATE                        None                                No                                  Off              ---            ---             Off             Off          SLOW          ---                4                  5                 
TXD0_N                 AA2  Fixed  SERDES_0_TXD0_N                                                  ---       
TXD0_P                 AB2  Fixed  SERDES_0_TXD0_P                                                  ---       
TXD1_N                 AA4  Fixed  SERDES_0_TXD1_N                                                  ---       
TXD1_P                 AB4  Fixed  SERDES_0_TXD1_P                                                  ---       
TXD2_N                 AA6  Fixed  SERDES_0_TXD2_N                                                  ---       
TXD2_P                 AB6  Fixed  SERDES_0_TXD2_P                                                  ---       
TXD3_N                 AA8  Fixed  SERDES_0_TXD3_N                                                  ---       
TXD3_P                 AB8  Fixed  SERDES_0_TXD3_P                                                  ---       
